
[36mΓòöΓòÉΓòÉΓòÉΓòÉΓòÉΓòÉΓòÉΓòÉΓòÉΓòÉΓòÉΓòÉΓòÉΓòÉΓòÉΓòÉΓòÉΓòÉΓòÉΓòÉΓòÉΓòÉΓòÉΓòÉΓòÉΓòÉΓòÉΓòÉΓòÉΓòÉΓòÉΓòÉΓòÉΓòÉΓòÉΓòÉΓòÉΓòÉΓòÉΓòÉΓòÉΓòÉΓòÉΓòÉΓòÉΓòÉΓòÉΓòÉΓòÉΓòÉΓòÉΓòÉΓòÉΓòÉΓòÉΓòÉΓòÉΓòÉΓòÉΓòÉΓòÉΓòÉΓòÉΓòÉΓòù[0m
[36mΓòæ          SAPTHALA BOUTIQUE - COMPREHENSIVE TEST SUITE           Γòæ[0m
[36mΓòÜΓòÉΓòÉΓòÉΓòÉΓòÉΓòÉΓòÉΓòÉΓòÉΓòÉΓòÉΓòÉΓòÉΓòÉΓòÉΓòÉΓòÉΓòÉΓòÉΓòÉΓòÉΓòÉΓòÉΓòÉΓòÉΓòÉΓòÉΓòÉΓòÉΓòÉΓòÉΓòÉΓòÉΓòÉΓòÉΓòÉΓòÉΓòÉΓòÉΓòÉΓòÉΓòÉΓòÉΓòÉΓòÉΓòÉΓòÉΓòÉΓòÉΓòÉΓòÉΓòÉΓòÉΓòÉΓòÉΓòÉΓòÉΓòÉΓòÉΓòÉΓòÉΓòÉΓòÉΓòÉΓò¥[0m


[34m≡ƒôè ADMIN PANEL TESTS[0m

[31mΓ¥î FAIL:[0m Admin Login
   [33mError: Expected 200, got 401

401 !== 200
[0m
[31mΓ¥î FAIL:[0m Get Orders List (Admin)
   [33mError: Expected 200, got 403

403 !== 200
[0m
[31mΓ¥î FAIL:[0m Create New Order (Admin)
   [33mError: Expected 200/201, got 404[0m
[31mΓ¥î FAIL:[0m Get Order Details (Admin)
   [33mError: No order ID available[0m
[31mΓ¥î FAIL:[0m Get Dashboard Stats (Admin)
   [33mError: Expected 200, got 404[0m

[34m≡ƒæñ STAFF PORTAL TESTS[0m

[31mΓ¥î FAIL:[0m Staff Login
   [33mError: Expected 200, got 400[0m
[31mΓ¥î FAIL:[0m Get Staff Assigned Tasks
   [33mError: Expected 200, got 500[0m
[31mΓ¥î FAIL:[0m Get Available Tasks for Staff
   [33mError: Expected 200, got 404[0m

[34mΓÜÖ∩╕Å TASK WORKFLOW TESTS[0m

[31mΓ¥î FAIL:[0m Get All Orders (for workflow)
   [33mError: Expected 200, got 401[0m
[31mΓ¥î FAIL:[0m Assign Task to Staff
   [33mError: No order ID available for task assignment[0m
[31mΓ¥î FAIL:[0m Start Task
   [33mError: No order ID available[0m

[34m≡ƒöù API ENDPOINT TESTS[0m

[32mΓ£à PASS:[0m API Health Check
[31mΓ¥î FAIL:[0m Static Files - Admin HTML
   [33mError: Expected 200, got 404[0m
[31mΓ¥î FAIL:[0m Static Files - Staff Portal HTML
   [33mError: Expected 200, got 404[0m

[36mΓòöΓòÉΓòÉΓòÉΓòÉΓòÉΓòÉΓòÉΓòÉΓòÉΓòÉΓòÉΓòÉΓòÉΓòÉΓòÉΓòÉΓòÉΓòÉΓòÉΓòÉΓòÉΓòÉΓòÉΓòÉΓòÉΓòÉΓòÉΓòÉΓòÉΓòÉΓòÉΓòÉΓòÉΓòÉΓòÉΓòÉΓòÉΓòÉΓòÉΓòÉΓòÉΓòÉΓòÉΓòÉΓòÉΓòÉΓòÉΓòÉΓòÉΓòÉΓòÉΓòÉΓòÉΓòÉΓòÉΓòÉΓòÉΓòÉΓòÉΓòÉΓòÉΓòÉΓòÉΓòÉΓòù[0m
[36mΓòæ                       TEST SUMMARY REPORT                      Γòæ[0m
[36mΓòáΓòÉΓòÉΓòÉΓòÉΓòÉΓòÉΓòÉΓòÉΓòÉΓòÉΓòÉΓòÉΓòÉΓòÉΓòÉΓòÉΓòÉΓòÉΓòÉΓòÉΓòÉΓòÉΓòÉΓòÉΓòÉΓòÉΓòÉΓòÉΓòÉΓòÉΓòÉΓòÉΓòÉΓòÉΓòÉΓòÉΓòÉΓòÉΓòÉΓòÉΓòÉΓòÉΓòÉΓòÉΓòÉΓòÉΓòÉΓòÉΓòÉΓòÉΓòÉΓòÉΓòÉΓòÉΓòÉΓòÉΓòÉΓòÉΓòÉΓòÉΓòÉΓòÉΓòÉΓòÉΓòú[0m
[36mΓòæ[0m Total Tests:    14                                                [36mΓòæ[0m
[36mΓòæ[0m [32mPassed Tests:[0m   1                                                 [36mΓòæ[0m
[36mΓòæ[0m [31mFailed Tests:[0m   13                                                [36mΓòæ[0m
[36mΓòæ[0m Success Rate:   7.14%                                             [36mΓòæ[0m
[36mΓòÜΓòÉΓòÉΓòÉΓòÉΓòÉΓòÉΓòÉΓòÉΓòÉΓòÉΓòÉΓòÉΓòÉΓòÉΓòÉΓòÉΓòÉΓòÉΓòÉΓòÉΓòÉΓòÉΓòÉΓòÉΓòÉΓòÉΓòÉΓòÉΓòÉΓòÉΓòÉΓòÉΓòÉΓòÉΓòÉΓòÉΓòÉΓòÉΓòÉΓòÉΓòÉΓòÉΓòÉΓòÉΓòÉΓòÉΓòÉΓòÉΓòÉΓòÉΓòÉΓòÉΓòÉΓòÉΓòÉΓòÉΓòÉΓòÉΓòÉΓòÉΓòÉΓòÉΓòÉΓòÉΓò¥[0m

[33mΓÜá∩╕Å FAILED TESTS:[0m
   [31mΓ¥î[0m Admin Login
      [33mExpected 200, got 401

401 !== 200
[0m
   [31mΓ¥î[0m Get Orders List (Admin)
      [33mExpected 200, got 403

403 !== 200
[0m
   [31mΓ¥î[0m Create New Order (Admin)
      [33mExpected 200/201, got 404[0m
   [31mΓ¥î[0m Get Order Details (Admin)
      [33mNo order ID available[0m
   [31mΓ¥î[0m Get Dashboard Stats (Admin)
      [33mExpected 200, got 404[0m
   [31mΓ¥î[0m Staff Login
      [33mExpected 200, got 400[0m
   [31mΓ¥î[0m Get Staff Assigned Tasks
      [33mExpected 200, got 500[0m
   [31mΓ¥î[0m Get Available Tasks for Staff
      [33mExpected 200, got 404[0m
   [31mΓ¥î[0m Get All Orders (for workflow)
      [33mExpected 200, got 401[0m
   [31mΓ¥î[0m Assign Task to Staff
      [33mNo order ID available for task assignment[0m
   [31mΓ¥î[0m Start Task
      [33mNo order ID available[0m
   [31mΓ¥î[0m Static Files - Admin HTML
      [33mExpected 200, got 404[0m
   [31mΓ¥î[0m Static Files - Staff Portal HTML
      [33mExpected 200, got 404[0m

[31mΓ¥î SOME TESTS FAILED [0m

